// Jest Snapshot v1, https://goo.gl/fbAQLP

exports[`<Layout /> renders 1`] = `
<div>
  <main
    class="px-2 mt-4"
    style="opacity: 0;"
  >
    content
  </main>
</div>
`;
