// Jest Snapshot v1, https://goo.gl/fbAQLP

exports[`<Button /> renders 1`] = `
<div>
  <button
    class="flex items-center rounded border-0 p-2 bg-slate-300 hover:bg-slate-300/75 dark:bg-slate-600 dark:hover:bg-slate-600/75"
  >
    click me
  </button>
</div>
`;
