// Jest Snapshot v1, https://goo.gl/fbAQLP

exports[`<Loader /> renders 1`] = `
<div>
  <div
    class="absolute bottom-[-8px] h-[2px] w-full animate-loader bg-gradient-to-r from-white via-teal-500 to-white bg-[length:25%_100%] bg-center bg-no-repeat dark:via-yellow-500"
  />
</div>
`;
