// Jest Snapshot v1, https://goo.gl/fbAQLP

exports[`<Head /> renders 1`] = `
<div>
  <link
    href="/favicons/favicon-32x32.png"
    rel="icon"
    sizes="any"
  />
  <link
    href="/favicons/favicon.svg"
    rel="icon"
    type="image/svg+xml"
  />
  <link
    href="/favicons/apple-touch-icon.png"
    rel="apple-touch-icon"
    sizes="180x180"
  />
  <link
    href="/site.webmanifest"
    rel="manifest"
  />
  <meta
    content="Learn stuff about software development"
    name="description"
  />
  <meta
    content="Learning Path"
    property="og:site_name"
  />
  <meta
    content="Learning Path"
    property="og:title"
  />
  <meta
    content="Learn stuff about software development"
    property="og:description"
  />
  <meta
    content="/images/spash.jpg"
    property="og:image"
  />
  <meta
    content="https://learning-path.dev/"
    property="og:url"
  />
  <meta
    content="summary_large_image"
    property="twitter:card"
  />
  <meta
    content="https://learning-path.dev/"
    property="twitter:url"
  />
  <meta
    content="Learning Path"
    property="twitter:title"
  />
  <meta
    content="Learn stuff about software development"
    property="twitter:description"
  />
  <meta
    content="/images/spash.jpg"
    property="twitter:image"
  />
  <meta
    content="#121212"
    name="theme-color"
  />
  <link
    href="https://learning-path.dev"
    rel="canonical"
  />
</div>
`;
