// Jest Snapshot v1, https://goo.gl/fbAQLP

exports[`<FormattedDate /> renders 1`] = `
<div>
  <time
    datetime="2022-01-01T00:00:00.000Z"
  >
    1 Jan 2022
  </time>
</div>
`;
