// Jest Snapshot v1, https://goo.gl/fbAQLP

exports[`<Banner /> renders 1`] = `
<div>
  <p
    class="m-0 p-2 text-center"
  >
    Hey there. ðŸ‘‹ This is a place where I keep all the interesting stuff I come across. Feel free to explore. It is a WIP, so you can expect things to change.
  </p>
</div>
`;
