// Jest Snapshot v1, https://goo.gl/fbAQLP

exports[`<ListItem /> renders 1`] = `
<div>
  <li
    class="list-disc text-[0.9em] marker:text-teal-500 dark:marker:text-yellow-500"
  >
    list item
  </li>
</div>
`;
