// Jest Snapshot v1, https://goo.gl/fbAQLP

exports[`<Layout /> renders 1`] = `
<div>
  <main
    class="mt-4 px-2"
    style="opacity: 0;"
  >
    content
  </main>
</div>
`;
