// Jest Snapshot v1, https://goo.gl/fbAQLP

exports[`<Textarea /> renders 1`] = `
<div>
  <label
    class="flex flex-col gap-2"
  >
    <span>
      a label
    </span>
    <textarea
      class="resize-none p-2 w-full h-24 border-[1px] dark:border-0 border-solid bg-transparent dark:bg-neutral-800 rounded dark:placeholder-gray-300 dark:placeholder-opacity-50"
    />
  </label>
</div>
`;
